vqlab serve: patch self-check passed
/Users/trafficsign/.omlx/experiments/vq32/venv/lib/python3.12/site-packages/mlx_lm/server.py:1692: UserWarning: mlx_lm.server is not recommended for production as it only implements basic security checks.
  warnings.warn(
VQ benchmark shim: folded 148 zero-centered norm weights2026-09-06 12:31:59,543 - INFO - Starting httpd at 127.0.0.1 on port 18136...

127.0.0.1 - - [06/Sep/2026 12:31:59] "GET /health HTTP/1.1" 200 -
MTP head (qwen4_exp) bound: 2.12 GiB resident; drafting enabled
127.0.0.1 - - [06/Sep/2026 12:32:16] "POST /v1/chat/completions HTTP/1.1" 200 -
2026-09-06 12:32:16,544 - INFO - Prompt Cache: 0 sequences, 0.00 GB
2026-09-06 12:32:16,544 - INFO - - assistant: 0 sequences, 0.00 GB
2026-09-06 12:32:16,544 - INFO - - user: 0 sequences, 0.00 GB
2026-09-06 12:32:16,544 - INFO - - system: 0 sequences, 0.00 GB
2026-09-06 12:32:16,544 - INFO - MTP: drafting this request (16 prompt tokens, temp 0)
2026-09-06 12:32:16,981 - INFO - MTP: acceptance 0.000 over 1 steps, 2 tokens, 33.80 tok/s
127.0.0.1 - - [06/Sep/2026 12:32:20] "POST /v1/chat/completions HTTP/1.1" 200 -
2026-09-06 12:32:20,150 - INFO - Prompt Cache: 0 sequences, 0.00 GB
2026-09-06 12:32:20,151 - INFO - - assistant: 0 sequences, 0.00 GB
2026-09-06 12:32:20,151 - INFO - - user: 0 sequences, 0.00 GB
2026-09-06 12:32:20,151 - INFO - - system: 0 sequences, 0.00 GB
2026-09-06 12:32:20,151 - INFO - MTP: drafting this request (17 prompt tokens, temp 0)
2026-09-06 12:32:22,555 - INFO - MTP: acceptance 0.000 over 16 steps, 32 tokens, 21.39 tok/s
127.0.0.1 - - [06/Sep/2026 12:32:22] "POST /v1/chat/completions HTTP/1.1" 200 -
2026-09-06 12:32:22,557 - INFO - Prompt Cache: 0 sequences, 0.00 GB
2026-09-06 12:32:22,557 - INFO - - assistant: 0 sequences, 0.00 GB
2026-09-06 12:32:22,557 - INFO - - user: 0 sequences, 0.00 GB
2026-09-06 12:32:22,558 - INFO - - system: 0 sequences, 0.00 GB
2026-09-06 12:32:22,558 - INFO - MTP: drafting this request (30 prompt tokens, temp 0)
2026-09-06 12:32:23,165 - INFO - MTP: acceptance 0.000 over 3 steps, 5 tokens, 20.66 tok/s
127.0.0.1 - - [06/Sep/2026 12:32:23] "POST /v1/chat/completions HTTP/1.1" 200 -
2026-09-06 12:32:23,167 - INFO - Prompt Cache: 0 sequences, 0.00 GB
2026-09-06 12:32:23,167 - INFO - - assistant: 0 sequences, 0.00 GB
2026-09-06 12:32:23,167 - INFO - - user: 0 sequences, 0.00 GB
2026-09-06 12:32:23,167 - INFO - - system: 0 sequences, 0.00 GB
2026-09-06 12:32:23,167 - INFO - MTP: drafting this request (35 prompt tokens, temp 0)
2026-09-06 12:32:23,775 - INFO - MTP: acceptance 0.000 over 2 steps, 4 tokens, 26.37 tok/s
127.0.0.1 - - [06/Sep/2026 12:32:23] "POST /v1/chat/completions HTTP/1.1" 200 -
2026-09-06 12:32:23,776 - INFO - Prompt Cache: 0 sequences, 0.00 GB
2026-09-06 12:32:23,776 - INFO - - assistant: 0 sequences, 0.00 GB
2026-09-06 12:32:23,776 - INFO - - user: 0 sequences, 0.00 GB
2026-09-06 12:32:23,776 - INFO - - system: 0 sequences, 0.00 GB
2026-09-06 12:32:23,776 - INFO - MTP: drafting this request (30 prompt tokens, temp 0)
2026-09-06 12:32:24,324 - INFO - MTP: acceptance 0.000 over 2 steps, 3 tokens, 19.79 tok/s
127.0.0.1 - - [06/Sep/2026 12:32:24] "POST /v1/chat/completions HTTP/1.1" 200 -
2026-09-06 12:32:24,326 - INFO - Prompt Cache: 0 sequences, 0.00 GB
2026-09-06 12:32:24,326 - INFO - - assistant: 0 sequences, 0.00 GB
2026-09-06 12:32:24,326 - INFO - - user: 0 sequences, 0.00 GB
2026-09-06 12:32:24,326 - INFO - - system: 0 sequences, 0.00 GB
2026-09-06 12:32:24,326 - INFO - MTP: drafting this request (39 prompt tokens, temp 0)
2026-09-06 12:32:25,020 - INFO - MTP: acceptance 0.000 over 2 steps, 3 tokens, 13.76 tok/s
2026-09-06 12:32:25,026 - INFO - Prompt Cache: 0 sequences, 0.00 GB
127.0.0.1 - - [06/Sep/2026 12:32:25] "POST /v1/chat/completions HTTP/1.1" 200 -
2026-09-06 12:32:25,029 - INFO - - assistant: 0 sequences, 0.00 GB
2026-09-06 12:32:25,029 - INFO - - user: 0 sequences, 0.00 GB
2026-09-06 12:32:25,029 - INFO - - system: 0 sequences, 0.00 GB
2026-09-06 12:32:25,029 - INFO - MTP: drafting this request (30 prompt tokens, temp 0)
2026-09-06 12:32:31,926 - INFO - MTP: acceptance 0.000 over 64 steps, 128 tokens, 20.06 tok/s
127.0.0.1 - - [06/Sep/2026 12:32:31] "POST /v1/chat/completions HTTP/1.1" 200 -
2026-09-06 12:32:31,929 - INFO - Prompt Cache: 0 sequences, 0.00 GB
2026-09-06 12:32:31,929 - INFO - - assistant: 0 sequences, 0.00 GB
2026-09-06 12:32:31,929 - INFO - - user: 0 sequences, 0.00 GB
2026-09-06 12:32:31,929 - INFO - - system: 0 sequences, 0.00 GB
2026-09-06 12:32:31,929 - INFO - MTP: drafting this request (46 prompt tokens, temp 0)
2026-09-06 12:32:32,587 - INFO - MTP: acceptance 0.000 over 2 steps, 4 tokens, 26.99 tok/s
127.0.0.1 - - [06/Sep/2026 12:32:32] "POST /v1/chat/completions HTTP/1.1" 200 -
2026-09-06 12:32:32,589 - INFO - Prompt Cache: 0 sequences, 0.00 GB
2026-09-06 12:32:32,589 - INFO - - assistant: 0 sequences, 0.00 GB
2026-09-06 12:32:32,589 - INFO - - user: 0 sequences, 0.00 GB
2026-09-06 12:32:32,589 - INFO - - system: 0 sequences, 0.00 GB
2026-09-06 12:32:32,589 - INFO - MTP: drafting this request (34 prompt tokens, temp 0)
2026-09-06 12:32:33,137 - INFO - MTP: acceptance 0.000 over 2 steps, 3 tokens, 20.25 tok/s
127.0.0.1 - - [06/Sep/2026 12:32:33] "POST /v1/chat/completions HTTP/1.1" 200 -
2026-09-06 12:32:33,139 - INFO - Prompt Cache: 0 sequences, 0.00 GB
2026-09-06 12:32:33,139 - INFO - - assistant: 0 sequences, 0.00 GB
2026-09-06 12:32:33,139 - INFO - - user: 0 sequences, 0.00 GB
2026-09-06 12:32:33,139 - INFO - - system: 0 sequences, 0.00 GB
2026-09-06 12:32:33,139 - INFO - MTP: drafting this request (39 prompt tokens, temp 0)
2026-09-06 12:32:33,665 - INFO - MTP: acceptance 0.000 over 1 steps, 2 tokens, 38.21 tok/s
127.0.0.1 - - [06/Sep/2026 12:32:33] "POST /v1/chat/completions HTTP/1.1" 200 -
2026-09-06 12:32:33,667 - INFO - Prompt Cache: 0 sequences, 0.00 GB
2026-09-06 12:32:33,667 - INFO - - assistant: 0 sequences, 0.00 GB
2026-09-06 12:32:33,667 - INFO - - user: 0 sequences, 0.00 GB
2026-09-06 12:32:33,667 - INFO - - system: 0 sequences, 0.00 GB
2026-09-06 12:32:33,667 - INFO - MTP: drafting this request (45 prompt tokens, temp 0)
2026-09-06 12:32:34,212 - INFO - MTP: acceptance 0.000 over 1 steps, 2 tokens, 38.79 tok/s
127.0.0.1 - - [06/Sep/2026 12:32:34] "POST /v1/chat/completions HTTP/1.1" 200 -
2026-09-06 12:32:34,214 - INFO - Prompt Cache: 0 sequences, 0.00 GB
2026-09-06 12:32:34,214 - INFO - - assistant: 0 sequences, 0.00 GB
2026-09-06 12:32:34,214 - INFO - - user: 0 sequences, 0.00 GB
2026-09-06 12:32:34,214 - INFO - - system: 0 sequences, 0.00 GB
2026-09-06 12:32:34,214 - INFO - MTP: drafting this request (45 prompt tokens, temp 0)
2026-09-06 12:32:34,952 - INFO - MTP: acceptance 0.000 over 3 steps, 6 tokens, 24.27 tok/s
127.0.0.1 - - [06/Sep/2026 12:32:34] "POST /v1/chat/completions HTTP/1.1" 200 -
2026-09-06 12:32:34,953 - INFO - Prompt Cache: 0 sequences, 0.00 GB
2026-09-06 12:32:34,953 - INFO - - assistant: 0 sequences, 0.00 GB
2026-09-06 12:32:34,953 - INFO - - user: 0 sequences, 0.00 GB
2026-09-06 12:32:34,953 - INFO - - system: 0 sequences, 0.00 GB
2026-09-06 12:32:34,954 - INFO - MTP: drafting this request (27 prompt tokens, temp 0)
2026-09-06 12:32:35,490 - INFO - MTP: acceptance 0.000 over 2 steps, 4 tokens, 27.29 tok/s
127.0.0.1 - - [06/Sep/2026 12:32:35] "POST /v1/chat/completions HTTP/1.1" 200 -
2026-09-06 12:32:35,492 - INFO - Prompt Cache: 0 sequences, 0.00 GB
2026-09-06 12:32:35,492 - INFO - - assistant: 0 sequences, 0.00 GB
2026-09-06 12:32:35,492 - INFO - - user: 0 sequences, 0.00 GB
2026-09-06 12:32:35,492 - INFO - - system: 0 sequences, 0.00 GB
2026-09-06 12:32:35,492 - INFO - MTP: drafting this request (34 prompt tokens, temp 0)
2026-09-06 12:32:36,041 - INFO - MTP: acceptance 0.000 over 2 steps, 3 tokens, 20.45 tok/s
127.0.0.1 - - [06/Sep/2026 12:32:36] "POST /v1/chat/completions HTTP/1.1" 200 -
2026-09-06 12:32:36,043 - INFO - Prompt Cache: 0 sequences, 0.00 GB
2026-09-06 12:32:36,043 - INFO - - assistant: 0 sequences, 0.00 GB
2026-09-06 12:32:36,043 - INFO - - user: 0 sequences, 0.00 GB
2026-09-06 12:32:36,043 - INFO - - system: 0 sequences, 0.00 GB
2026-09-06 12:32:36,043 - INFO - MTP: drafting this request (39 prompt tokens, temp 0)
2026-09-06 12:32:36,642 - INFO - MTP: acceptance 0.000 over 2 steps, 3 tokens, 19.19 tok/s
127.0.0.1 - - [06/Sep/2026 12:32:36] "POST /v1/chat/completions HTTP/1.1" 200 -
2026-09-06 12:32:36,643 - INFO - Prompt Cache: 0 sequences, 0.00 GB
2026-09-06 12:32:36,643 - INFO - - assistant: 0 sequences, 0.00 GB
2026-09-06 12:32:36,643 - INFO - - user: 0 sequences, 0.00 GB
2026-09-06 12:32:36,643 - INFO - - system: 0 sequences, 0.00 GB
2026-09-06 12:32:36,643 - INFO - MTP: drafting this request (31 prompt tokens, temp 0)
2026-09-06 12:32:37,172 - INFO - MTP: acceptance 0.000 over 2 steps, 3 tokens, 20.51 tok/s
127.0.0.1 - - [06/Sep/2026 12:32:37] "POST /v1/chat/completions HTTP/1.1" 200 -
2026-09-06 12:32:37,174 - INFO - Prompt Cache: 0 sequences, 0.00 GB
2026-09-06 12:32:37,174 - INFO - - assistant: 0 sequences, 0.00 GB
2026-09-06 12:32:37,174 - INFO - - user: 0 sequences, 0.00 GB
2026-09-06 12:32:37,174 - INFO - - system: 0 sequences, 0.00 GB
2026-09-06 12:32:37,174 - INFO - MTP: drafting this request (34 prompt tokens, temp 0)
2026-09-06 12:32:37,684 - INFO - MTP: acceptance 0.000 over 1 steps, 2 tokens, 38.64 tok/s
127.0.0.1 - - [06/Sep/2026 12:32:37] "POST /v1/chat/completions HTTP/1.1" 200 -
2026-09-06 12:32:37,686 - INFO - Prompt Cache: 0 sequences, 0.00 GB
2026-09-06 12:32:37,686 - INFO - - assistant: 0 sequences, 0.00 GB
2026-09-06 12:32:37,686 - INFO - - user: 0 sequences, 0.00 GB
2026-09-06 12:32:37,686 - INFO - - system: 0 sequences, 0.00 GB
2026-09-06 12:32:37,686 - INFO - MTP: drafting this request (38 prompt tokens, temp 0)
2026-09-06 12:32:38,211 - INFO - MTP: acceptance 0.000 over 1 steps, 2 tokens, 34.39 tok/s
127.0.0.1 - - [06/Sep/2026 12:32:38] "POST /v1/chat/completions HTTP/1.1" 200 -
2026-09-06 12:32:38,214 - INFO - Prompt Cache: 0 sequences, 0.00 GB
2026-09-06 12:32:38,214 - INFO - - assistant: 0 sequences, 0.00 GB
2026-09-06 12:32:38,214 - INFO - - user: 0 sequences, 0.00 GB
2026-09-06 12:32:38,214 - INFO - - system: 0 sequences, 0.00 GB
2026-09-06 12:32:38,214 - INFO - MTP: drafting this request (35 prompt tokens, temp 0)
2026-09-06 12:32:38,722 - INFO - MTP: acceptance 0.000 over 1 steps, 2 tokens, 38.84 tok/s
127.0.0.1 - - [06/Sep/2026 12:32:38] "POST /v1/chat/completions HTTP/1.1" 200 -
2026-09-06 12:32:38,724 - INFO - Prompt Cache: 0 sequences, 0.00 GB
2026-09-06 12:32:38,724 - INFO - - assistant: 0 sequences, 0.00 GB
2026-09-06 12:32:38,724 - INFO - - user: 0 sequences, 0.00 GB
2026-09-06 12:32:38,724 - INFO - - system: 0 sequences, 0.00 GB
2026-09-06 12:32:38,724 - INFO - MTP: drafting this request (37 prompt tokens, temp 0)
2026-09-06 12:32:39,434 - INFO - MTP: acceptance 0.000 over 3 steps, 6 tokens, 24.34 tok/s
127.0.0.1 - - [06/Sep/2026 12:32:39] "POST /v1/chat/completions HTTP/1.1" 200 -
2026-09-06 12:32:39,435 - INFO - Prompt Cache: 0 sequences, 0.00 GB
2026-09-06 12:32:39,435 - INFO - - assistant: 0 sequences, 0.00 GB
2026-09-06 12:32:39,435 - INFO - - user: 0 sequences, 0.00 GB
2026-09-06 12:32:39,435 - INFO - - system: 0 sequences, 0.00 GB
2026-09-06 12:32:39,435 - INFO - MTP: drafting this request (36 prompt tokens, temp 0)
2026-09-06 12:32:39,994 - INFO - MTP: acceptance 0.000 over 2 steps, 3 tokens, 20.48 tok/s
127.0.0.1 - - [06/Sep/2026 12:32:39] "POST /v1/chat/completions HTTP/1.1" 200 -
2026-09-06 12:32:39,995 - INFO - Prompt Cache: 0 sequences, 0.00 GB
2026-09-06 12:32:39,995 - INFO - - assistant: 0 sequences, 0.00 GB
2026-09-06 12:32:39,995 - INFO - - user: 0 sequences, 0.00 GB
2026-09-06 12:32:39,995 - INFO - - system: 0 sequences, 0.00 GB
2026-09-06 12:32:39,995 - INFO - MTP: drafting this request (29 prompt tokens, temp 0)
2026-09-06 12:32:40,518 - INFO - MTP: acceptance 0.000 over 2 steps, 3 tokens, 19.73 tok/s
127.0.0.1 - - [06/Sep/2026 12:32:40] "POST /v1/chat/completions HTTP/1.1" 200 -
2026-09-06 12:32:40,519 - INFO - Prompt Cache: 0 sequences, 0.00 GB
2026-09-06 12:32:40,519 - INFO - - assistant: 0 sequences, 0.00 GB
2026-09-06 12:32:40,519 - INFO - - user: 0 sequences, 0.00 GB
2026-09-06 12:32:40,520 - INFO - - system: 0 sequences, 0.00 GB
2026-09-06 12:32:40,520 - INFO - MTP: drafting this request (111 prompt tokens, temp 0)
2026-09-06 12:32:42,442 - INFO - MTP: acceptance 0.000 over 12 steps, 23 tokens, 20.79 tok/s
127.0.0.1 - - [06/Sep/2026 12:32:42] "POST /v1/chat/completions HTTP/1.1" 200 -
2026-09-06 12:32:42,444 - INFO - Prompt Cache: 0 sequences, 0.00 GB
2026-09-06 12:32:42,444 - INFO - - assistant: 0 sequences, 0.00 GB
2026-09-06 12:32:42,444 - INFO - - user: 0 sequences, 0.00 GB
2026-09-06 12:32:42,444 - INFO - - system: 0 sequences, 0.00 GB
2026-09-06 12:32:42,444 - INFO - MTP: drafting this request (122 prompt tokens, temp 0)
2026-09-06 12:32:44,290 - INFO - MTP: acceptance 0.000 over 10 steps, 20 tokens, 21.50 tok/s
127.0.0.1 - - [06/Sep/2026 12:32:44] "POST /v1/chat/completions HTTP/1.1" 200 -
2026-09-06 12:32:44,292 - INFO - Prompt Cache: 0 sequences, 0.00 GB
2026-09-06 12:32:44,292 - INFO - - assistant: 0 sequences, 0.00 GB
2026-09-06 12:32:44,292 - INFO - - user: 0 sequences, 0.00 GB
2026-09-06 12:32:44,292 - INFO - - system: 0 sequences, 0.00 GB
2026-09-06 12:32:44,292 - INFO - MTP: drafting this request (115 prompt tokens, temp 0)
2026-09-06 12:32:46,270 - INFO - MTP: acceptance 0.000 over 12 steps, 24 tokens, 21.66 tok/s
127.0.0.1 - - [06/Sep/2026 12:32:46] "POST /v1/chat/completions HTTP/1.1" 200 -
2026-09-06 12:32:46,272 - INFO - Prompt Cache: 0 sequences, 0.00 GB
2026-09-06 12:32:46,272 - INFO - - assistant: 0 sequences, 0.00 GB
2026-09-06 12:32:46,272 - INFO - - user: 0 sequences, 0.00 GB
2026-09-06 12:32:46,272 - INFO - - system: 0 sequences, 0.00 GB
2026-09-06 12:32:46,272 - INFO - MTP: drafting this request (116 prompt tokens, temp 0)
2026-09-06 12:32:48,065 - INFO - MTP: acceptance 0.000 over 10 steps, 20 tokens, 21.72 tok/s
127.0.0.1 - - [06/Sep/2026 12:32:48] "POST /v1/chat/completions HTTP/1.1" 200 -
2026-09-06 12:32:48,067 - INFO - Prompt Cache: 0 sequences, 0.00 GB
2026-09-06 12:32:48,067 - INFO - - assistant: 0 sequences, 0.00 GB
2026-09-06 12:32:48,068 - INFO - - user: 0 sequences, 0.00 GB
2026-09-06 12:32:48,068 - INFO - - system: 0 sequences, 0.00 GB
2026-09-06 12:32:48,068 - INFO - MTP: drafting this request (124 prompt tokens, temp 0)
2026-09-06 12:32:49,860 - INFO - MTP: acceptance 0.000 over 10 steps, 19 tokens, 20.76 tok/s
127.0.0.1 - - [06/Sep/2026 12:32:49] "POST /v1/chat/completions HTTP/1.1" 200 -
2026-09-06 12:32:49,862 - INFO - Prompt Cache: 0 sequences, 0.00 GB
2026-09-06 12:32:49,862 - INFO - - assistant: 0 sequences, 0.00 GB
2026-09-06 12:32:49,862 - INFO - - user: 0 sequences, 0.00 GB
2026-09-06 12:32:49,862 - INFO - - system: 0 sequences, 0.00 GB
2026-09-06 12:32:49,862 - INFO - MTP: drafting this request (116 prompt tokens, temp 0)
2026-09-06 12:32:51,957 - INFO - MTP: acceptance 0.000 over 13 steps, 26 tokens, 21.34 tok/s
127.0.0.1 - - [06/Sep/2026 12:32:51] "POST /v1/chat/completions HTTP/1.1" 200 -
2026-09-06 12:32:51,959 - INFO - Prompt Cache: 0 sequences, 0.00 GB
2026-09-06 12:32:51,960 - INFO - - assistant: 0 sequences, 0.00 GB
2026-09-06 12:32:51,960 - INFO - - user: 0 sequences, 0.00 GB
2026-09-06 12:32:51,960 - INFO - - system: 0 sequences, 0.00 GB
2026-09-06 12:32:51,960 - INFO - MTP: drafting this request (50 prompt tokens, temp 0)
2026-09-06 12:32:52,537 - INFO - MTP: acceptance 0.000 over 1 steps, 2 tokens, 38.37 tok/s
127.0.0.1 - - [06/Sep/2026 12:32:52] "POST /v1/chat/completions HTTP/1.1" 200 -
2026-09-06 12:32:52,538 - INFO - Prompt Cache: 0 sequences, 0.00 GB
2026-09-06 12:32:52,538 - INFO - - assistant: 0 sequences, 0.00 GB
2026-09-06 12:32:52,538 - INFO - - user: 0 sequences, 0.00 GB
2026-09-06 12:32:52,538 - INFO - - system: 0 sequences, 0.00 GB
2026-09-06 12:32:52,538 - INFO - MTP: drafting this request (47 prompt tokens, temp 0)
2026-09-06 12:32:53,105 - INFO - MTP: acceptance 0.000 over 1 steps, 2 tokens, 37.97 tok/s
127.0.0.1 - - [06/Sep/2026 12:32:53] "POST /v1/chat/completions HTTP/1.1" 200 -
2026-09-06 12:32:53,107 - INFO - Prompt Cache: 0 sequences, 0.00 GB
2026-09-06 12:32:53,107 - INFO - - assistant: 0 sequences, 0.00 GB
2026-09-06 12:32:53,107 - INFO - - user: 0 sequences, 0.00 GB
2026-09-06 12:32:53,107 - INFO - - system: 0 sequences, 0.00 GB
2026-09-06 12:32:53,107 - INFO - MTP: drafting this request (52 prompt tokens, temp 0)
2026-09-06 12:32:53,746 - INFO - MTP: acceptance 0.000 over 2 steps, 3 tokens, 19.92 tok/s
127.0.0.1 - - [06/Sep/2026 12:32:53] "POST /v1/chat/completions HTTP/1.1" 200 -
2026-09-06 12:32:53,748 - INFO - Prompt Cache: 0 sequences, 0.00 GB
2026-09-06 12:32:53,748 - INFO - - assistant: 0 sequences, 0.00 GB
2026-09-06 12:32:53,748 - INFO - - user: 0 sequences, 0.00 GB
2026-09-06 12:32:53,748 - INFO - - system: 0 sequences, 0.00 GB
2026-09-06 12:32:53,748 - INFO - MTP: drafting this request (47 prompt tokens, temp 0)
2026-09-06 12:32:54,397 - INFO - MTP: acceptance 0.000 over 2 steps, 3 tokens, 20.22 tok/s
127.0.0.1 - - [06/Sep/2026 12:32:54] "POST /v1/chat/completions HTTP/1.1" 200 -
2026-09-06 12:32:54,398 - INFO - Prompt Cache: 0 sequences, 0.00 GB
2026-09-06 12:32:54,398 - INFO - - assistant: 0 sequences, 0.00 GB
2026-09-06 12:32:54,398 - INFO - - user: 0 sequences, 0.00 GB
2026-09-06 12:32:54,398 - INFO - - system: 0 sequences, 0.00 GB
2026-09-06 12:32:54,398 - INFO - MTP: drafting this request (40 prompt tokens, temp 0)
2026-09-06 12:32:54,936 - INFO - MTP: acceptance 0.000 over 1 steps, 2 tokens, 37.77 tok/s
127.0.0.1 - - [06/Sep/2026 12:32:54] "POST /v1/chat/completions HTTP/1.1" 200 -
2026-09-06 12:32:54,938 - INFO - Prompt Cache: 0 sequences, 0.00 GB
2026-09-06 12:32:54,938 - INFO - - assistant: 0 sequences, 0.00 GB
2026-09-06 12:32:54,938 - INFO - - user: 0 sequences, 0.00 GB
2026-09-06 12:32:54,938 - INFO - - system: 0 sequences, 0.00 GB
2026-09-06 12:32:54,938 - INFO - MTP: drafting this request (64 prompt tokens, temp 0)
2026-09-06 12:32:55,667 - INFO - MTP: acceptance 0.000 over 2 steps, 3 tokens, 19.89 tok/s
127.0.0.1 - - [06/Sep/2026 12:32:55] "POST /v1/chat/completions HTTP/1.1" 200 -
2026-09-06 12:32:55,669 - INFO - Prompt Cache: 0 sequences, 0.00 GB
2026-09-06 12:32:55,669 - INFO - - assistant: 0 sequences, 0.00 GB
2026-09-06 12:32:55,669 - INFO - - user: 0 sequences, 0.00 GB
2026-09-06 12:32:55,669 - INFO - - system: 0 sequences, 0.00 GB
2026-09-06 12:32:55,669 - INFO - MTP: drafting this request (44 prompt tokens, temp 0)
2026-09-06 12:32:56,280 - INFO - MTP: acceptance 0.000 over 2 steps, 3 tokens, 19.88 tok/s
127.0.0.1 - - [06/Sep/2026 12:32:56] "POST /v1/chat/completions HTTP/1.1" 200 -
2026-09-06 12:32:56,282 - INFO - Prompt Cache: 0 sequences, 0.00 GB
2026-09-06 12:32:56,282 - INFO - - assistant: 0 sequences, 0.00 GB
2026-09-06 12:32:56,282 - INFO - - user: 0 sequences, 0.00 GB
2026-09-06 12:32:56,282 - INFO - - system: 0 sequences, 0.00 GB
2026-09-06 12:32:56,282 - INFO - MTP: drafting this request (67 prompt tokens, temp 0)
2026-09-06 12:32:56,967 - INFO - MTP: acceptance 0.000 over 1 steps, 2 tokens, 37.60 tok/s
127.0.0.1 - - [06/Sep/2026 12:32:56] "POST /v1/chat/completions HTTP/1.1" 200 -
2026-09-06 12:32:56,969 - INFO - Prompt Cache: 0 sequences, 0.00 GB
2026-09-06 12:32:56,969 - INFO - - assistant: 0 sequences, 0.00 GB
2026-09-06 12:32:56,969 - INFO - - user: 0 sequences, 0.00 GB
2026-09-06 12:32:56,969 - INFO - - system: 0 sequences, 0.00 GB
2026-09-06 12:32:56,969 - INFO - MTP: drafting this request (59 prompt tokens, temp 0)
2026-09-06 12:32:57,663 - INFO - MTP: acceptance 0.000 over 2 steps, 3 tokens, 18.95 tok/s
127.0.0.1 - - [06/Sep/2026 12:32:57] "POST /v1/chat/completions HTTP/1.1" 200 -
2026-09-06 12:32:57,665 - INFO - Prompt Cache: 0 sequences, 0.00 GB
2026-09-06 12:32:57,665 - INFO - - assistant: 0 sequences, 0.00 GB
2026-09-06 12:32:57,665 - INFO - - user: 0 sequences, 0.00 GB
2026-09-06 12:32:57,665 - INFO - - system: 0 sequences, 0.00 GB
2026-09-06 12:32:57,665 - INFO - MTP: drafting this request (59 prompt tokens, temp 0)
2026-09-06 12:32:58,347 - INFO - MTP: acceptance 0.000 over 2 steps, 3 tokens, 19.93 tok/s
127.0.0.1 - - [06/Sep/2026 12:32:58] "POST /v1/chat/completions HTTP/1.1" 200 -
2026-09-06 12:32:58,348 - INFO - Prompt Cache: 0 sequences, 0.00 GB
2026-09-06 12:32:58,348 - INFO - - assistant: 0 sequences, 0.00 GB
2026-09-06 12:32:58,348 - INFO - - user: 0 sequences, 0.00 GB
2026-09-06 12:32:58,348 - INFO - - system: 0 sequences, 0.00 GB
2026-09-06 12:32:58,348 - INFO - MTP: drafting this request (39 prompt tokens, temp 0)
2026-09-06 12:32:59,293 - INFO - MTP: acceptance 0.000 over 1 steps, 2 tokens, 7.64 tok/s
2026-09-06 12:32:59,300 - INFO - Prompt Cache: 0 sequences, 0.00 GB
2026-09-06 12:32:59,300 - INFO - - assistant: 0 sequences, 0.00 GB
2026-09-06 12:32:59,300 - INFO - - user: 0 sequences, 0.00 GB
2026-09-06 12:32:59,300 - INFO - - system: 0 sequences, 0.00 GB
2026-09-06 12:32:59,300 - INFO - MTP: drafting this request (45 prompt tokens, temp 0)
127.0.0.1 - - [06/Sep/2026 12:32:59] "POST /v1/chat/completions HTTP/1.1" 200 -
2026-09-06 12:33:00,175 - INFO - MTP: acceptance 0.000 over 1 steps, 2 tokens, 10.65 tok/s
127.0.0.1 - - [06/Sep/2026 12:33:00] "POST /v1/chat/completions HTTP/1.1" 200 -
2026-09-06 12:33:00,187 - INFO - Prompt Cache: 0 sequences, 0.00 GB
2026-09-06 12:33:00,187 - INFO - - assistant: 0 sequences, 0.00 GB
2026-09-06 12:33:00,187 - INFO - - user: 0 sequences, 0.00 GB
2026-09-06 12:33:00,187 - INFO - - system: 0 sequences, 0.00 GB
2026-09-06 12:33:00,187 - INFO - MTP: drafting this request (2481 prompt tokens, temp 0)
2026-09-06 12:33:19,795 - INFO - MTP: acceptance 0.000 over 111 steps, 221 tokens, 18.29 tok/s
127.0.0.1 - - [06/Sep/2026 12:33:19] "POST /v1/chat/completions HTTP/1.1" 200 -
2026-09-06 12:33:19,811 - INFO - Prompt Cache: 0 sequences, 0.00 GB
2026-09-06 12:33:19,811 - INFO - - assistant: 0 sequences, 0.00 GB
2026-09-06 12:33:19,811 - INFO - - user: 0 sequences, 0.00 GB
2026-09-06 12:33:19,811 - INFO - - system: 0 sequences, 0.00 GB
2026-09-06 12:33:19,812 - INFO - MTP: drafting this request (2833 prompt tokens, temp 0)
2026-09-06 12:33:36,224 - INFO - MTP: acceptance 0.000 over 77 steps, 154 tokens, 19.72 tok/s
127.0.0.1 - - [06/Sep/2026 12:33:36] "POST /v1/chat/completions HTTP/1.1" 200 -
2026-09-06 12:33:36,229 - INFO - Prompt Cache: 0 sequences, 0.00 GB
2026-09-06 12:33:36,229 - INFO - - assistant: 0 sequences, 0.00 GB
2026-09-06 12:33:36,229 - INFO - - user: 0 sequences, 0.00 GB
2026-09-06 12:33:36,229 - INFO - - system: 0 sequences, 0.00 GB
2026-09-06 12:33:36,229 - INFO - MTP: drafting this request (838 prompt tokens, temp 0)
2026-09-06 12:33:43,310 - INFO - MTP: acceptance 0.000 over 41 steps, 82 tokens, 20.42 tok/s
2026-09-06 12:33:43,324 - INFO - Prompt Cache: 0 sequences, 0.00 GB
2026-09-06 12:33:43,324 - INFO - - assistant: 0 sequences, 0.00 GB
2026-09-06 12:33:43,324 - INFO - - user: 0 sequences, 0.00 GB
2026-09-06 12:33:43,324 - INFO - - system: 0 sequences, 0.00 GB
2026-09-06 12:33:43,324 - INFO - MTP: drafting this request (1153 prompt tokens, temp 0)
127.0.0.1 - - [06/Sep/2026 12:33:43] "POST /v1/chat/completions HTTP/1.1" 200 -
2026-09-06 12:33:50,029 - INFO - MTP: acceptance 0.000 over 26 steps, 51 tokens, 20.30 tok/s
127.0.0.1 - - [06/Sep/2026 12:33:50] "POST /v1/chat/completions HTTP/1.1" 200 -
2026-09-06 12:33:50,035 - INFO - Prompt Cache: 0 sequences, 0.00 GB
2026-09-06 12:33:50,035 - INFO - - assistant: 0 sequences, 0.00 GB
2026-09-06 12:33:50,035 - INFO - - user: 0 sequences, 0.00 GB
2026-09-06 12:33:50,035 - INFO - - system: 0 sequences, 0.00 GB
2026-09-06 12:33:50,035 - INFO - MTP: drafting this request (759 prompt tokens, temp 0)
2026-09-06 12:33:54,809 - INFO - MTP: acceptance 0.000 over 20 steps, 40 tokens, 21.27 tok/s
127.0.0.1 - - [06/Sep/2026 12:33:54] "POST /v1/chat/completions HTTP/1.1" 200 -
2026-09-06 12:33:54,813 - INFO - Prompt Cache: 0 sequences, 0.00 GB
2026-09-06 12:33:54,813 - INFO - - assistant: 0 sequences, 0.00 GB
2026-09-06 12:33:54,813 - INFO - - user: 0 sequences, 0.00 GB
2026-09-06 12:33:54,813 - INFO - - system: 0 sequences, 0.00 GB
2026-09-06 12:33:54,813 - INFO - MTP: drafting this request (630 prompt tokens, temp 0)
2026-09-06 12:34:00,865 - INFO - MTP: acceptance 0.000 over 31 steps, 62 tokens, 20.87 tok/s
127.0.0.1 - - [06/Sep/2026 12:34:00] "POST /v1/chat/completions HTTP/1.1" 200 -
2026-09-06 12:34:00,872 - INFO - Prompt Cache: 0 sequences, 0.00 GB
2026-09-06 12:34:00,872 - INFO - - assistant: 0 sequences, 0.00 GB
2026-09-06 12:34:00,872 - INFO - - user: 0 sequences, 0.00 GB
2026-09-06 12:34:00,872 - INFO - - system: 0 sequences, 0.00 GB
2026-09-06 12:34:00,872 - INFO - MTP: drafting this request (2780 prompt tokens, temp 0)
2026-09-06 12:34:14,414 - INFO - MTP: acceptance 0.000 over 52 steps, 104 tokens, 19.28 tok/s
2026-09-06 12:34:14,418 - INFO - Prompt Cache: 0 sequences, 0.00 GB
127.0.0.1 - - [06/Sep/2026 12:34:14] "POST /v1/chat/completions HTTP/1.1" 200 -
2026-09-06 12:34:14,418 - INFO - - assistant: 0 sequences, 0.00 GB
2026-09-06 12:34:14,418 - INFO - - user: 0 sequences, 0.00 GB
2026-09-06 12:34:14,418 - INFO - - system: 0 sequences, 0.00 GB
2026-09-06 12:34:14,418 - INFO - MTP: drafting this request (1357 prompt tokens, temp 0)
2026-09-06 12:34:24,152 - INFO - MTP: acceptance 0.000 over 52 steps, 104 tokens, 18.31 tok/s
127.0.0.1 - - [06/Sep/2026 12:34:24] "POST /v1/chat/completions HTTP/1.1" 200 -
2026-09-06 12:34:24,157 - INFO - Prompt Cache: 0 sequences, 0.00 GB
2026-09-06 12:34:24,157 - INFO - - assistant: 0 sequences, 0.00 GB
2026-09-06 12:34:24,157 - INFO - - user: 0 sequences, 0.00 GB
2026-09-06 12:34:24,157 - INFO - - system: 0 sequences, 0.00 GB
2026-09-06 12:34:24,157 - INFO - MTP: drafting this request (700 prompt tokens, temp 0)
