{"id": "td01", "repeat": 0, "top1": 1, "latency_ms": 412.34591699321754}
{"id": "td02", "repeat": 0, "top1": 1, "latency_ms": 396.8593330064323}
{"id": "td03", "repeat": 0, "top1": 1, "latency_ms": 382.02849999652244}
{"id": "td04", "repeat": 0, "top1": 1, "latency_ms": 415.9163330041338}
{"id": "tu01", "repeat": 0, "top1": 1, "latency_ms": 440.46041699766647}
{"id": "tu02", "repeat": 0, "top1": 1, "latency_ms": 453.89304200944025}
{"id": "tu03", "repeat": 0, "top1": 1, "latency_ms": 441.56500000099186}
{"id": "tu04", "repeat": 0, "top1": 1, "latency_ms": 435.5175410019001}
{"id": "cr01", "repeat": 0, "top1": 1, "latency_ms": 602.9930829972727}
{"id": "cr02", "repeat": 0, "top1": 1, "latency_ms": 526.5296249999665}
{"id": "cr03", "repeat": 0, "top1": 1, "latency_ms": 518.0169169907458}
{"id": "cr04", "repeat": 0, "top1": 1, "latency_ms": 508.67387499602046}
{"id": "ts01", "repeat": 0, "top1": 1, "latency_ms": 536.984541991842}
{"id": "ts02", "repeat": 0, "top1": 1, "latency_ms": 510.9474159980891}
{"id": "ts03", "repeat": 0, "top1": 1, "latency_ms": 532.5725419970695}
{"id": "ts04", "repeat": 0, "top1": 1, "latency_ms": 609.561457997188}
{"id": "me01", "repeat": 0, "top1": 1, "latency_ms": 426.90370899799746}
{"id": "me02", "repeat": 0, "top1": 1, "latency_ms": 420.4469170072116}
{"id": "me03", "repeat": 0, "top1": 1, "latency_ms": 402.4647080077557}
{"id": "me04", "repeat": 0, "top1": 1, "latency_ms": 365.1955840032315}
{"id": "ne01", "repeat": 0, "top1": null, "latency_ms": 384.14970799931325}
{"id": "ne02", "repeat": 0, "top1": null, "latency_ms": 444.5070840010885}
{"id": "ne03", "repeat": 0, "top1": null, "latency_ms": 389.58000000275206}
{"id": "ne04", "repeat": 0, "top1": null, "latency_ms": 422.61812499782536}
{"id": "td01", "repeat": 1, "top1": 1, "latency_ms": 425.3945410018787}
{"id": "td02", "repeat": 1, "top1": 1, "latency_ms": 414.8940839950228}
{"id": "td03", "repeat": 1, "top1": 1, "latency_ms": 380.77812500705477}
{"id": "td04", "repeat": 1, "top1": 1, "latency_ms": 375.54520899720956}
{"id": "tu01", "repeat": 1, "top1": 1, "latency_ms": 444.20704200456385}
{"id": "tu02", "repeat": 1, "top1": 1, "latency_ms": 457.32058299472556}
{"id": "tu03", "repeat": 1, "top1": 1, "latency_ms": 428.1504579994362}
{"id": "tu04", "repeat": 1, "top1": 1, "latency_ms": 434.59762500424404}
{"id": "cr01", "repeat": 1, "top1": 1, "latency_ms": 592.9167919966858}
{"id": "cr02", "repeat": 1, "top1": 1, "latency_ms": 516.7783340002643}
{"id": "cr03", "repeat": 1, "top1": 1, "latency_ms": 444.66941700375173}
{"id": "cr04", "repeat": 1, "top1": 1, "latency_ms": 517.3380409978563}
{"id": "ts01", "repeat": 1, "top1": 1, "latency_ms": 500.77416699787136}
{"id": "ts02", "repeat": 1, "top1": 1, "latency_ms": 501.2530410022009}
{"id": "ts03", "repeat": 1, "top1": 1, "latency_ms": 465.3632920089876}
{"id": "ts04", "repeat": 1, "top1": 1, "latency_ms": 468.1703749956796}
{"id": "me01", "repeat": 1, "top1": 1, "latency_ms": 410.9221659891773}
{"id": "me02", "repeat": 1, "top1": 1, "latency_ms": 406.14566700241994}
{"id": "me03", "repeat": 1, "top1": 1, "latency_ms": 389.9905830039643}
{"id": "me04", "repeat": 1, "top1": 1, "latency_ms": 354.93062500609085}
{"id": "ne01", "repeat": 1, "top1": null, "latency_ms": 370.55720800708514}
{"id": "ne02", "repeat": 1, "top1": null, "latency_ms": 427.176083001541}
{"id": "ne03", "repeat": 1, "top1": null, "latency_ms": 373.14350000815466}
{"id": "ne04", "repeat": 1, "top1": null, "latency_ms": 409.9209159903694}
{"status": "complete", "summary": {"positive_cases": 20, "timed_queries": 48, "top1_correct": 20, "top1": 1, "mrr": 1.0, "recall_at3": 1.0, "all_evidence_at3": 1, "ndcg_at3": 0.9959860394574094, "p50_ms": 431.3740415018401, "p95_ms": 592.9167919966858, "truncated_pairs": 0, "no_evidence_top_scores": [0.562176525592804, 0.47268345952033997, 0.25683197379112244, 0.4746311902999878], "abstention_evaluated": false}, "error": null}
