{"id": "td01", "repeat": 0, "top1": 1, "latency_ms": 419.4396249949932}
{"id": "td02", "repeat": 0, "top1": 1, "latency_ms": 405.08004200819414}
{"id": "td03", "repeat": 0, "top1": 1, "latency_ms": 377.44887499138713}
{"id": "td04", "repeat": 0, "top1": 1, "latency_ms": 375.4591250035446}
{"id": "tu01", "repeat": 0, "top1": 1, "latency_ms": 436.77837499126326}
{"id": "tu02", "repeat": 0, "top1": 1, "latency_ms": 462.38283399725333}
{"id": "tu03", "repeat": 0, "top1": 1, "latency_ms": 441.1508339981083}
{"id": "tu04", "repeat": 0, "top1": 1, "latency_ms": 438.17866600875277}
{"id": "cr01", "repeat": 0, "top1": 1, "latency_ms": 602.923540995107}
{"id": "cr02", "repeat": 0, "top1": 1, "latency_ms": 538.0211669980781}
{"id": "cr03", "repeat": 0, "top1": 1, "latency_ms": 458.4334579994902}
{"id": "cr04", "repeat": 0, "top1": 1, "latency_ms": 513.4427080047317}
{"id": "ts01", "repeat": 0, "top1": 1, "latency_ms": 509.3679579877062}
{"id": "ts02", "repeat": 0, "top1": 1, "latency_ms": 508.14845800050534}
{"id": "ts03", "repeat": 0, "top1": 1, "latency_ms": 474.3936250015395}
{"id": "ts04", "repeat": 0, "top1": 1, "latency_ms": 480.873332999181}
{"id": "me01", "repeat": 0, "top1": 1, "latency_ms": 414.10662500129547}
{"id": "me02", "repeat": 0, "top1": 1, "latency_ms": 414.5025000034366}
{"id": "me03", "repeat": 0, "top1": 1, "latency_ms": 396.9544169958681}
{"id": "me04", "repeat": 0, "top1": 1, "latency_ms": 362.11787500360515}
{"id": "ne01", "repeat": 0, "top1": null, "latency_ms": 377.09799999720417}
{"id": "ne02", "repeat": 0, "top1": null, "latency_ms": 434.374749995186}
{"id": "ne03", "repeat": 0, "top1": null, "latency_ms": 376.3455409934977}
{"id": "ne04", "repeat": 0, "top1": null, "latency_ms": 414.21766600979026}
{"id": "td01", "repeat": 1, "top1": 1, "latency_ms": 411.8895409919787}
{"id": "td02", "repeat": 1, "top1": 1, "latency_ms": 398.622708991752}
{"id": "td03", "repeat": 1, "top1": 1, "latency_ms": 381.24120800057426}
{"id": "td04", "repeat": 1, "top1": 1, "latency_ms": 379.13958299031947}
{"id": "tu01", "repeat": 1, "top1": 1, "latency_ms": 440.0072909920709}
{"id": "tu02", "repeat": 1, "top1": 1, "latency_ms": 457.55779099999927}
{"id": "tu03", "repeat": 1, "top1": 1, "latency_ms": 456.69729200017173}
{"id": "tu04", "repeat": 1, "top1": 1, "latency_ms": 446.6499999980442}
{"id": "cr01", "repeat": 1, "top1": 1, "latency_ms": 620.9108750044834}
{"id": "cr02", "repeat": 1, "top1": 1, "latency_ms": 545.8245000045281}
{"id": "cr03", "repeat": 1, "top1": 1, "latency_ms": 457.1073749975767}
{"id": "cr04", "repeat": 1, "top1": 1, "latency_ms": 510.07075000961777}
{"id": "ts01", "repeat": 1, "top1": 1, "latency_ms": 509.7290410049027}
{"id": "ts02", "repeat": 1, "top1": 1, "latency_ms": 508.502957993187}
{"id": "ts03", "repeat": 1, "top1": 1, "latency_ms": 473.7288340111263}
{"id": "ts04", "repeat": 1, "top1": 1, "latency_ms": 474.02412501105573}
{"id": "me01", "repeat": 1, "top1": 1, "latency_ms": 416.1124170059338}
{"id": "me02", "repeat": 1, "top1": 1, "latency_ms": 413.6516250000568}
{"id": "me03", "repeat": 1, "top1": 1, "latency_ms": 398.77008300391026}
{"id": "me04", "repeat": 1, "top1": 1, "latency_ms": 363.9285410026787}
{"id": "ne01", "repeat": 1, "top1": null, "latency_ms": 377.8480000037234}
{"id": "ne02", "repeat": 1, "top1": null, "latency_ms": 436.5876250085421}
{"id": "ne03", "repeat": 1, "top1": null, "latency_ms": 378.8091660098871}
{"id": "ne04", "repeat": 1, "top1": null, "latency_ms": 416.00808399380185}
{"status": "complete", "summary": {"positive_cases": 20, "timed_queries": 48, "top1_correct": 20, "top1": 1, "mrr": 1.0, "recall_at3": 1.0, "all_evidence_at3": 1, "ndcg_at3": 0.9959860394574094, "p50_ms": 436.6829999999027, "p95_ms": 545.8245000045281, "truncated_pairs": 0, "no_evidence_top_scores": [0.562176525592804, 0.47268345952033997, 0.25683197379112244, 0.4746311902999878], "abstention_evaluated": false}, "error": null}
